2026-05-20 21:14:09,286 [myid:] - INFO  [main:o.a.z.s.q.QuorumPeerConfig@177] - Reading configuration from: /home/lhc/minisql-region/zookeeper/bin/../conf/zoo.cfg
2026-05-20 21:14:09,289 [myid:] - INFO  [main:o.a.z.s.q.QuorumPeerConfig@440] - clientPortAddress is 0.0.0.0:2181
2026-05-20 21:14:09,289 [myid:] - INFO  [main:o.a.z.s.q.QuorumPeerConfig@444] - secureClientPort is not set
2026-05-20 21:14:09,289 [myid:] - INFO  [main:o.a.z.s.q.QuorumPeerConfig@460] - observerMasterPort is not set
2026-05-20 21:14:09,290 [myid:] - INFO  [main:o.a.z.s.q.QuorumPeerConfig@477] - metricsProvider.className is org.apache.zookeeper.metrics.impl.DefaultMetricsProvider
2026-05-20 21:14:09,291 [myid:1] - INFO  [main:o.a.z.s.DatadirCleanupManager@78] - autopurge.snapRetainCount set to 3
2026-05-20 21:14:09,291 [myid:1] - INFO  [main:o.a.z.s.DatadirCleanupManager@79] - autopurge.purgeInterval set to 0
2026-05-20 21:14:09,291 [myid:1] - INFO  [main:o.a.z.s.DatadirCleanupManager@101] - Purge task is not scheduled.
2026-05-20 21:14:09,291 [myid:1] - WARN  [main:o.a.z.s.q.QuorumPeerMain@139] - Either no config or no quorum defined in config, running in standalone mode
2026-05-20 21:14:09,292 [myid:1] - INFO  [main:o.a.z.j.ManagedUtil@46] - Log4j 1.2 jmx support not found; jmx disabled.
2026-05-20 21:14:09,292 [myid:1] - INFO  [main:o.a.z.s.q.QuorumPeerConfig@177] - Reading configuration from: /home/lhc/minisql-region/zookeeper/bin/../conf/zoo.cfg
2026-05-20 21:14:09,292 [myid:1] - INFO  [main:o.a.z.s.q.QuorumPeerConfig@440] - clientPortAddress is 0.0.0.0:2181
2026-05-20 21:14:09,292 [myid:1] - INFO  [main:o.a.z.s.q.QuorumPeerConfig@444] - secureClientPort is not set
2026-05-20 21:14:09,292 [myid:1] - INFO  [main:o.a.z.s.q.QuorumPeerConfig@460] - observerMasterPort is not set
2026-05-20 21:14:09,292 [myid:1] - INFO  [main:o.a.z.s.q.QuorumPeerConfig@477] - metricsProvider.className is org.apache.zookeeper.metrics.impl.DefaultMetricsProvider
2026-05-20 21:14:09,293 [myid:1] - INFO  [main:o.a.z.s.ZooKeeperServerMain@123] - Starting server
2026-05-20 21:14:09,298 [myid:1] - INFO  [main:o.a.z.s.ServerMetrics@64] - ServerMetrics initialized with provider org.apache.zookeeper.metrics.impl.DefaultMetricsProvider@55740540
2026-05-20 21:14:09,300 [myid:1] - INFO  [main:o.a.z.s.a.DigestAuthenticationProvider@51] - ACL digest algorithm is: SHA1
2026-05-20 21:14:09,300 [myid:1] - INFO  [main:o.a.z.s.a.DigestAuthenticationProvider@65] - zookeeper.DigestAuthenticationProvider.enabled = true
2026-05-20 21:14:09,301 [myid:1] - INFO  [main:o.a.z.s.p.FileTxnSnapLog@124] - zookeeper.snapshot.trust.empty : false
2026-05-20 21:14:09,305 [myid:1] - INFO  [main:o.a.z.ZookeeperBanner@42] - 
2026-05-20 21:14:09,305 [myid:1] - INFO  [main:o.a.z.ZookeeperBanner@42] -   ______                  _                                          
2026-05-20 21:14:09,305 [myid:1] - INFO  [main:o.a.z.ZookeeperBanner@42] -  |___  /                 | |                                         
2026-05-20 21:14:09,305 [myid:1] - INFO  [main:o.a.z.ZookeeperBanner@42] -     / /    ___     ___   | | __   ___    ___   _ __     ___   _ __   
2026-05-20 21:14:09,305 [myid:1] - INFO  [main:o.a.z.ZookeeperBanner@42] -    / /    / _ \   / _ \  | |/ /  / _ \  / _ \ | '_ \   / _ \ | '__|
2026-05-20 21:14:09,305 [myid:1] - INFO  [main:o.a.z.ZookeeperBanner@42] -   / /__  | (_) | | (_) | |   <  |  __/ |  __/ | |_) | |  __/ | |    
2026-05-20 21:14:09,305 [myid:1] - INFO  [main:o.a.z.ZookeeperBanner@42] -  /_____|  \___/   \___/  |_|\_\  \___|  \___| | .__/   \___| |_|
2026-05-20 21:14:09,305 [myid:1] - INFO  [main:o.a.z.ZookeeperBanner@42] -                                               | |                     
2026-05-20 21:14:09,305 [myid:1] - INFO  [main:o.a.z.ZookeeperBanner@42] -                                               |_|                     
2026-05-20 21:14:09,305 [myid:1] - INFO  [main:o.a.z.ZookeeperBanner@42] - 
2026-05-20 21:14:09,306 [myid:1] - INFO  [main:o.a.z.Environment@98] - Server environment:zookeeper.version=3.9.5-293c895a8d966a3ecb92872be4a1daf87d725da2, built on 2026-02-11 20:18 UTC
2026-05-20 21:14:09,306 [myid:1] - INFO  [main:o.a.z.Environment@98] - Server environment:host.name=lhc-ThinkBook-16-G6-IMH
2026-05-20 21:14:09,306 [myid:1] - INFO  [main:o.a.z.Environment@98] - Server environment:java.version=17.0.18
2026-05-20 21:14:09,306 [myid:1] - INFO  [main:o.a.z.Environment@98] - Server environment:java.vendor=Ubuntu
2026-05-20 21:14:09,306 [myid:1] - INFO  [main:o.a.z.Environment@98] - Server environment:java.home=/usr/lib/jvm/java-17-openjdk-amd64
2026-05-20 21:14:09,306 [myid:1] - INFO  [main:o.a.z.Environment@98] - Server environment:java.class.path=/home/lhc/minisql-region/zookeeper/bin/../zookeeper-metrics-providers/zookeeper-prometheus-metrics/target/classes:/home/lhc/minisql-region/zookeeper/bin/../zookeeper-server/target/classes:/home/lhc/minisql-region/zookeeper/bin/../build/classes:/home/lhc/minisql-region/zookeeper/bin/../zookeeper-metrics-providers/zookeeper-prometheus-metrics/target/lib/*.jar:/home/lhc/minisql-region/zookeeper/bin/../zookeeper-server/target/lib/*.jar:/home/lhc/minisql-region/zookeeper/bin/../build/lib/*.jar:/home/lhc/minisql-region/zookeeper/bin/../lib/zookeeper-prometheus-metrics-3.9.5.jar:/home/lhc/minisql-region/zookeeper/bin/../lib/zookeeper-jute-3.9.5.jar:/home/lhc/minisql-region/zookeeper/bin/../lib/zookeeper-3.9.5.jar:/home/lhc/minisql-region/zookeeper/bin/../lib/snappy-java-1.1.10.5.jar:/home/lhc/minisql-region/zookeeper/bin/../lib/slf4j-api-2.0.13.jar:/home/lhc/minisql-region/zookeeper/bin/../lib/simpleclient_servlet-0.9.0.jar:/home/lhc/minisql-region/zookeeper/bin/../lib/simpleclient_hotspot-0.9.0.jar:/home/lhc/minisql-region/zookeeper/bin/../lib/simpleclient_common-0.9.0.jar:/home/lhc/minisql-region/zookeeper/bin/../lib/simpleclient-0.9.0.jar:/home/lhc/minisql-region/zookeeper/bin/../lib/netty-transport-native-unix-common-4.1.130.Final.jar:/home/lhc/minisql-region/zookeeper/bin/../lib/netty-transport-native-epoll-4.1.130.Final-linux-x86_64.jar:/home/lhc/minisql-region/zookeeper/bin/../lib/netty-transport-classes-epoll-4.1.130.Final.jar:/home/lhc/minisql-region/zookeeper/bin/../lib/netty-transport-4.1.130.Final.jar:/home/lhc/minisql-region/zookeeper/bin/../lib/netty-tcnative-classes-2.0.74.Final.jar:/home/lhc/minisql-region/zookeeper/bin/../lib/netty-tcnative-boringssl-static-2.0.74.Final-windows-x86_64.jar:/home/lhc/minisql-region/zookeeper/bin/../lib/netty-tcnative-boringssl-static-2.0.74.Final-osx-x86_64.jar:/home/lhc/minisql-region/zookeeper/bin/../lib/netty-tcnative-boringssl-static-2.0.74.Final-osx-aarch_64.jar:/home/lhc/minisql-region/zookeeper/bin/../lib/netty-tcnative-boringssl-static-2.0.74.Final-linux-x86_64.jar:/home/lhc/minisql-region/zookeeper/bin/../lib/netty-tcnative-boringssl-static-2.0.74.Final-linux-aarch_64.jar:/home/lhc/minisql-region/zookeeper/bin/../lib/netty-tcnative-boringssl-static-2.0.74.Final.jar:/home/lhc/minisql-region/zookeeper/bin/../lib/netty-resolver-4.1.130.Final.jar:/home/lhc/minisql-region/zookeeper/bin/../lib/netty-handler-4.1.130.Final.jar:/home/lhc/minisql-region/zookeeper/bin/../lib/netty-common-4.1.130.Final.jar:/home/lhc/minisql-region/zookeeper/bin/../lib/netty-codec-4.1.130.Final.jar:/home/lhc/minisql-region/zookeeper/bin/../lib/netty-buffer-4.1.130.Final.jar:/home/lhc/minisql-region/zookeeper/bin/../lib/metrics-core-4.1.12.1.jar:/home/lhc/minisql-region/zookeeper/bin/../lib/logback-core-1.3.15.jar:/home/lhc/minisql-region/zookeeper/bin/../lib/logback-classic-1.3.15.jar:/home/lhc/minisql-region/zookeeper/bin/../lib/jline-3.25.1.jar:/home/lhc/minisql-region/zookeeper/bin/../lib/jetty-util-ajax-9.4.58.v20250814.jar:/home/lhc/minisql-region/zookeeper/bin/../lib/jetty-util-9.4.58.v20250814.jar:/home/lhc/minisql-region/zookeeper/bin/../lib/jetty-servlet-9.4.58.v20250814.jar:/home/lhc/minisql-region/zookeeper/bin/../lib/jetty-server-9.4.58.v20250814.jar:/home/lhc/minisql-region/zookeeper/bin/../lib/jetty-security-9.4.58.v20250814.jar:/home/lhc/minisql-region/zookeeper/bin/../lib/jetty-io-9.4.58.v20250814.jar:/home/lhc/minisql-region/zookeeper/bin/../lib/jetty-http-9.4.58.v20250814.jar:/home/lhc/minisql-region/zookeeper/bin/../lib/javax.servlet-api-3.1.0.jar:/home/lhc/minisql-region/zookeeper/bin/../lib/jackson-databind-2.15.2.jar:/home/lhc/minisql-region/zookeeper/bin/../lib/jackson-core-2.15.2.jar:/home/lhc/minisql-region/zookeeper/bin/../lib/jackson-annotations-2.15.2.jar:/home/lhc/minisql-region/zookeeper/bin/../lib/commons-io-2.17.0.jar:/home/lhc/minisql-region/zookeeper/bin/../lib/commons-cli-1.5.0.jar:/home/lhc/minisql-region/zookeeper/bin/../lib/audience-annotations-0.12.0.jar:/home/lhc/minisql-region/zookeeper/bin/../zookeeper-*.jar:/home/lhc/minisql-region/zookeeper/bin/../zookeeper-server/src/main/resources/lib/*.jar:/home/lhc/minisql-region/zookeeper/bin/../conf:
2026-05-20 21:14:09,306 [myid:1] - INFO  [main:o.a.z.Environment@98] - Server environment:java.library.path=/opt/ros/humble/opt/rviz_ogre_vendor/lib:/opt/ros/humble/lib/x86_64-linux-gnu:/opt/ros/humble/lib:/usr/java/packages/lib:/usr/lib/x86_64-linux-gnu/jni:/lib/x86_64-linux-gnu:/usr/lib/x86_64-linux-gnu:/usr/lib/jni:/lib:/usr/lib
2026-05-20 21:14:09,306 [myid:1] - INFO  [main:o.a.z.Environment@98] - Server environment:java.io.tmpdir=/tmp
2026-05-20 21:14:09,306 [myid:1] - INFO  [main:o.a.z.Environment@98] - Server environment:java.compiler=<NA>
2026-05-20 21:14:09,306 [myid:1] - INFO  [main:o.a.z.Environment@98] - Server environment:os.name=Linux
2026-05-20 21:14:09,306 [myid:1] - INFO  [main:o.a.z.Environment@98] - Server environment:os.arch=amd64
2026-05-20 21:14:09,307 [myid:1] - INFO  [main:o.a.z.Environment@98] - Server environment:os.version=6.8.0-111-generic
2026-05-20 21:14:09,307 [myid:1] - INFO  [main:o.a.z.Environment@98] - Server environment:user.name=lhc
2026-05-20 21:14:09,307 [myid:1] - INFO  [main:o.a.z.Environment@98] - Server environment:user.home=/home/lhc
2026-05-20 21:14:09,307 [myid:1] - INFO  [main:o.a.z.Environment@98] - Server environment:user.dir=/home/lhc/minisql-region/zookeeper
2026-05-20 21:14:09,307 [myid:1] - INFO  [main:o.a.z.Environment@98] - Server environment:os.memory.free=478MB
2026-05-20 21:14:09,307 [myid:1] - INFO  [main:o.a.z.Environment@98] - Server environment:os.memory.max=1000MB
2026-05-20 21:14:09,307 [myid:1] - INFO  [main:o.a.z.Environment@98] - Server environment:os.memory.total=498MB
2026-05-20 21:14:09,307 [myid:1] - INFO  [main:o.a.z.s.ZooKeeperServer@151] - zookeeper.enableEagerACLCheck = false
2026-05-20 21:14:09,307 [myid:1] - INFO  [main:o.a.z.s.ZooKeeperServer@164] - zookeeper.digest.enabled = true
2026-05-20 21:14:09,307 [myid:1] - INFO  [main:o.a.z.s.ZooKeeperServer@168] - zookeeper.closeSessionTxn.enabled = true
2026-05-20 21:14:09,307 [myid:1] - INFO  [main:o.a.z.s.ZooKeeperServer@2237] - zookeeper.serializeLastProcessedZxid.enabled = true
2026-05-20 21:14:09,307 [myid:1] - INFO  [main:o.a.z.s.ZooKeeperServer@1585] - zookeeper.flushDelay = 0 ms
2026-05-20 21:14:09,307 [myid:1] - INFO  [main:o.a.z.s.ZooKeeperServer@1594] - zookeeper.maxWriteQueuePollTime = 0 ms
2026-05-20 21:14:09,307 [myid:1] - INFO  [main:o.a.z.s.ZooKeeperServer@1603] - zookeeper.maxBatchSize=1000
2026-05-20 21:14:09,307 [myid:1] - INFO  [main:o.a.z.s.ZooKeeperServer@289] - zookeeper.intBufferStartingSizeBytes = 1024
2026-05-20 21:14:09,308 [myid:1] - INFO  [main:o.a.z.s.BlueThrottle@141] - Weighed connection throttling is disabled
2026-05-20 21:14:09,308 [myid:1] - INFO  [main:o.a.z.s.AuthenticationHelper@66] - zookeeper.enforce.auth.enabled = false
2026-05-20 21:14:09,308 [myid:1] - INFO  [main:o.a.z.s.AuthenticationHelper@67] - zookeeper.enforce.auth.schemes = []
2026-05-20 21:14:09,308 [myid:1] - INFO  [main:o.a.z.s.ZooKeeperServer@1395] - minSessionTimeout set to 4000 ms
2026-05-20 21:14:09,309 [myid:1] - INFO  [main:o.a.z.s.ZooKeeperServer@1404] - maxSessionTimeout set to 40000 ms
2026-05-20 21:14:09,309 [myid:1] - INFO  [main:o.a.z.s.ResponseCache@50] - getData response cache size is initialized with value 400.
2026-05-20 21:14:09,309 [myid:1] - INFO  [main:o.a.z.s.ResponseCache@50] - getChildren response cache size is initialized with value 400.
2026-05-20 21:14:09,310 [myid:1] - INFO  [main:o.a.z.s.u.RequestPathMetricsCollector@109] - zookeeper.pathStats.slotCapacity = 60
2026-05-20 21:14:09,310 [myid:1] - INFO  [main:o.a.z.s.u.RequestPathMetricsCollector@110] - zookeeper.pathStats.slotDuration = 15
2026-05-20 21:14:09,310 [myid:1] - INFO  [main:o.a.z.s.u.RequestPathMetricsCollector@111] - zookeeper.pathStats.maxDepth = 6
2026-05-20 21:14:09,310 [myid:1] - INFO  [main:o.a.z.s.u.RequestPathMetricsCollector@112] - zookeeper.pathStats.initialDelay = 5
2026-05-20 21:14:09,310 [myid:1] - INFO  [main:o.a.z.s.u.RequestPathMetricsCollector@113] - zookeeper.pathStats.delay = 5
2026-05-20 21:14:09,310 [myid:1] - INFO  [main:o.a.z.s.u.RequestPathMetricsCollector@114] - zookeeper.pathStats.enabled = false
2026-05-20 21:14:09,311 [myid:1] - INFO  [main:o.a.z.s.ZooKeeperServer@1622] - The max bytes for all large requests are set to 104857600
2026-05-20 21:14:09,311 [myid:1] - INFO  [main:o.a.z.s.ZooKeeperServer@1636] - The large request threshold is set to -1
2026-05-20 21:14:09,311 [myid:1] - INFO  [main:o.a.z.s.ZooKeeperServer@387] - Created server with tickTime 2000 ms minSessionTimeout 4000 ms maxSessionTimeout 40000 ms clientPortListenBacklog -1 dataLogdir /var/lib/zookeeper/data/version-2 snapdir /var/lib/zookeeper/data/version-2
2026-05-20 21:14:09,326 [myid:1] - INFO  [main:o.e.j.u.l.Log@170] - Logging initialized @296ms to org.eclipse.jetty.util.log.Slf4jLog
2026-05-20 21:14:09,360 [myid:1] - WARN  [main:o.e.j.s.h.ContextHandler@1662] - o.e.j.s.ServletContextHandler@673fdbce{/,null,STOPPED} contextPath ends with /*
2026-05-20 21:14:09,360 [myid:1] - WARN  [main:o.e.j.s.h.ContextHandler@1673] - Empty contextPath
2026-05-20 21:14:09,369 [myid:1] - INFO  [main:o.e.j.s.Server@375] - jetty-9.4.58.v20250814; built: 2025-08-14T02:28:49.637Z; git: 8f1440587e9e4ae7db3d74cf205643f3d707148d; jvm 17.0.18+8-Ubuntu-122.04.1
2026-05-20 21:14:09,381 [myid:1] - INFO  [main:o.e.j.s.s.DefaultSessionIdManager@334] - DefaultSessionIdManager workerName=node0
2026-05-20 21:14:09,381 [myid:1] - INFO  [main:o.e.j.s.s.DefaultSessionIdManager@339] - No SessionScavenger set, using defaults
2026-05-20 21:14:09,382 [myid:1] - INFO  [main:o.e.j.s.s.HouseKeeper@132] - node0 Scavenging every 660000ms
2026-05-20 21:14:09,384 [myid:1] - WARN  [main:o.e.j.s.ConstraintSecurityHandler@759] - ServletContext@o.e.j.s.ServletContextHandler@673fdbce{/,null,STARTING} has uncovered http methods for path: /*
2026-05-20 21:14:09,389 [myid:1] - INFO  [main:o.e.j.s.h.ContextHandler@921] - Started o.e.j.s.ServletContextHandler@673fdbce{/,null,AVAILABLE}
2026-05-20 21:14:09,396 [myid:1] - INFO  [main:o.e.j.s.AbstractConnector@333] - Started ServerConnector@25ce9dc4{HTTP/1.1, (http/1.1)}{0.0.0.0:8080}
2026-05-20 21:14:09,396 [myid:1] - INFO  [main:o.e.j.s.Server@415] - Started @371ms
2026-05-20 21:14:09,396 [myid:1] - INFO  [main:o.a.z.s.a.JettyAdminServer@201] - Started AdminServer on address 0.0.0.0, port 8080 and command URL /commands
2026-05-20 21:14:09,398 [myid:1] - INFO  [main:o.a.z.s.ServerCnxnFactory@172] - Using org.apache.zookeeper.server.NIOServerCnxnFactory as server connection factory
2026-05-20 21:14:09,399 [myid:1] - WARN  [main:o.a.z.s.ServerCnxnFactory@337] - maxCnxns is not configured, using default value 0.
2026-05-20 21:14:09,400 [myid:1] - INFO  [main:o.a.z.s.NIOServerCnxnFactory@652] - Configuring NIO connection handler with 10s sessionless connection timeout, 3 selector thread(s), 36 worker threads, and 64 kB direct buffers.
2026-05-20 21:14:09,400 [myid:1] - INFO  [main:o.a.z.s.NIOServerCnxnFactory@660] - binding to port 0.0.0.0/0.0.0.0:2181
2026-05-20 21:14:09,406 [myid:1] - INFO  [main:o.a.z.s.w.WatchManagerFactory@42] - Using org.apache.zookeeper.server.watch.WatchManager as watch manager
2026-05-20 21:14:09,406 [myid:1] - INFO  [main:o.a.z.s.w.WatchManagerFactory@42] - Using org.apache.zookeeper.server.watch.WatchManager as watch manager
2026-05-20 21:14:09,406 [myid:1] - INFO  [main:o.a.z.s.ZKDatabase@137] - zookeeper.snapshotSizeFactor = 0.33
2026-05-20 21:14:09,406 [myid:1] - INFO  [main:o.a.z.s.ZKDatabase@157] - zookeeper.commitLogCount=500
2026-05-20 21:14:09,407 [myid:1] - INFO  [main:o.a.z.s.p.SnapStream@61] - zookeeper.snapshot.compression.method = CHECKED
2026-05-20 21:14:09,408 [myid:1] - INFO  [main:o.a.z.s.p.FileSnap@86] - Reading snapshot /var/lib/zookeeper/data/version-2/snapshot.8
2026-05-20 21:14:09,410 [myid:1] - INFO  [main:o.a.z.s.DataTree@1700] - The digest in the snapshot has digest version of 2, with zxid as 0x8, and digest value as 8555161496
2026-05-20 21:14:09,414 [myid:1] - INFO  [main:o.a.z.a.ZKAuditProvider@42] - ZooKeeper audit is disabled.
2026-05-20 21:14:09,415 [myid:1] - INFO  [main:o.a.z.s.p.FileTxnSnapLog@372] - 3 txns loaded in 3 ms
2026-05-20 21:14:09,415 [myid:1] - INFO  [main:o.a.z.s.ZKDatabase@294] - Snapshot loaded in 9 ms, highest zxid is 0xb, digest is 5942054214
2026-05-20 21:14:09,415 [myid:1] - INFO  [main:o.a.z.s.p.FileTxnSnapLog@480] - Snapshotting: 0xb to /var/lib/zookeeper/data/version-2/snapshot.b
2026-05-20 21:14:09,416 [myid:1] - INFO  [main:o.a.z.s.ZooKeeperServer@588] - Snapshot taken in 1 ms
2026-05-20 21:14:09,420 [myid:1] - INFO  [main:o.a.z.s.RequestThrottler@75] - zookeeper.request_throttler.shutdownTimeout = 10000 ms
2026-05-20 21:14:09,420 [myid:] - INFO  [ProcessThread(sid:0 cport:2181)::o.a.z.s.PrepRequestProcessor@138] - PrepRequestProcessor (sid:0) started, reconfigEnabled=false
2026-05-20 21:14:09,427 [myid:1] - INFO  [main:o.a.z.s.ContainerManager@83] - Using checkIntervalMs=60000 maxPerMinute=10000 maxNeverUsedIntervalMs=0
2026-05-20 21:14:16,824 [myid:] - INFO  [SyncThread:0:o.a.z.s.p.FileTxnLog@291] - Creating new log file: log.c
2026-05-20 21:14:23,029 [myid:] - INFO  [NIOWorkerThread-36:o.a.z.s.NIOServerCnxn@342] - Unable to read additional data from client, it probably closed the socket: address = /127.0.0.1:59584, session = 0x100008ebfd10000
2026-05-20 21:14:36,415 [myid:] - INFO  [NIOWorkerThread-15:o.a.z.s.NIOServerCnxn@342] - Unable to read additional data from client, it probably closed the socket: address = /127.0.0.1:58372, session = 0x100008ebfd10001
2026-05-20 21:14:41,042 [myid:] - INFO  [NIOWorkerThread-11:o.a.z.s.NIOServerCnxn@342] - Unable to read additional data from client, it probably closed the socket: address = /127.0.0.1:44428, session = 0x100008ebfd10002
2026-05-20 21:14:54,200 [myid:] - INFO  [SessionTracker:o.a.z.s.ZooKeeperServer@730] - Expiring session 0x100008ebfd10000, timeout of 30000ms exceeded
2026-05-20 21:15:06,200 [myid:] - INFO  [SessionTracker:o.a.z.s.ZooKeeperServer@730] - Expiring session 0x100008ebfd10001, timeout of 30000ms exceeded
2026-05-20 21:15:07,754 [myid:] - INFO  [NIOWorkerThread-35:o.a.z.s.NIOServerCnxn@342] - Unable to read additional data from client, it probably closed the socket: address = /127.0.0.1:44436, session = 0x100008ebfd10003
2026-05-20 21:15:12,200 [myid:] - INFO  [SessionTracker:o.a.z.s.ZooKeeperServer@730] - Expiring session 0x100008ebfd10002, timeout of 30000ms exceeded
2026-05-20 21:15:38,200 [myid:] - INFO  [SessionTracker:o.a.z.s.ZooKeeperServer@730] - Expiring session 0x100008ebfd10003, timeout of 30000ms exceeded
